exports[`NavBar NavBar component 1`] = `
<div
  style={
    Object {
      "alignItems": "center",
      "backgroundColor": "#fff",
      "borderBottom": "1px solid #ced7df",
      "boxSizing": "border-box",
      "display": "flex",
      "flexDirection": "row",
      "height": 64,
      "lineHeight": 64,
      "marginBottom": 32,
      "padding": "0 16px",
      "width": "100%"
    }
  }>
  Navigation Elements
</div>
`;
